ubuntu@ip-10-2-0-161:~$ mysql -h database-1-read-replica.cwd902v3tsu3.us-east-2.rds.amazonaws.com -P 3306 -u admin -p
Enter password: 
Welcome to the MySQL monitor.  Commands end with ; or \g.
Your MySQL connection id is 3
Server version: 5.7.22-log Source distribution

Copyright (c) 2000, 2020, Oracle and/or its affiliates. All rights reserved.

Oracle is a registered trademark of Oracle Corporation and/or its
affiliates. Other names may be trademarks of their respective
owners.

Type 'help;' or '\h' for help. Type '\c' to clear the current input statement.

mysql> insert into cloud_architect (project,status) VALUES ('security', '0%');
ERROR 1046 (3D000): No database selected
mysql> use cloud_architect
ERROR 1049 (42000): Unknown database 'cloud_architect'
mysql> use udacity;
Reading table information for completion of table and column names
You can turn off this feature to get a quicker startup with -A

Database changed
mysql> insert into cloud_architect (project,status) VALUES ('security', '0%');
Query OK, 1 row affected (0.01 sec)

mysql> select * from cloud_architect
    -> ;
+----------------+--------+
| project        | status |
+----------------+--------+
| recoverability | 60%    |
| security       | 0%     |
+----------------+--------+
2 rows in set (0.00 sec)

